[
  {
    "amount": 160,
    "period": "2024-S1",
    "store_name": "G Coffee @ Seksyen 21"
  }
]
