[
  {
    "final_amount": 80,
    "transaction_id": "ac6f851c-649f-42fb-a606-72be0fdcf8d2"
  }
]
