[
  {
    "birthdate": "2003-01-06",
    "purchase_count": 1,
    "store_name": "G Coffee @ Seksyen 21"
  },
  {
    "birthdate": "2002-03-29",
    "purchase_count": 1,
    "store_name": "G Coffee @ Seksyen 21"
  },
  {
    "birthdate": "1979-05-28",
    "purchase_count": 1,
    "store_name": "G Coffee @ Seksyen 21"
  }
]
